Microchip MPLAB XC8 Compiler V2.50

Linker command line:

-W-3 \
  --edf=C:/Users/HUAWEI/.mchp_packs/Microchip/PIC18F-Q_DFP/1.26.442/xc8\pic\dat\20241125200758_en.msgs \
  -pivt0x8=08h -cn \
  -h+dist/default/production\Inte_based_NRF24.X.production.sym \
  --cmf=dist/default/production\Inte_based_NRF24.X.production.cmf -z \
  -Q18F57Q43 -oC:\Users\HUAWEI\AppData\Local\Temp\xcAs107s.\driver_tmp_3.o \
  --defsym=__MPLAB_BUILD=1 --fixupoverflow=error \
  -Mdist/default/production/Inte_based_NRF24.X.production.map \
  --md=C:\Users\HUAWEI\AppData\Local\Temp\xcAs107s.\driver_tmp_0.dat -E1 \
  -ver=XC8 Compiler --acfsm=1493 -ACODE=00h-01FFFFh -ACONST=00h-01FFFFh \
  -ASMALLCONST=02600h-026FFhx474 \
  -AMEDIUMCONST=02600h-0FFFFh,012600h-01FFFFh -ACOMRAM=0501h-055Fh \
  -AABS1=0500h-024FFh -ABIGRAM=0501h-024FFh \
  -ARAM=0560h-05FFh,0600h-06FFhx31 -ABANK5=0560h-05FFh -ABANK6=0600h-06FFh \
  -ABANK7=0700h-07FFh -ABANK8=0800h-08FFh -ABANK9=0900h-09FFh \
  -ABANK10=0A00h-0AFFh -ABANK11=0B00h-0BFFh -ABANK12=0C00h-0CFFh \
  -ABANK13=0D00h-0DFFh -ABANK14=0E00h-0EFFh -ABANK15=0F00h-0FFFh \
  -ABANK16=01000h-010FFh -ABANK17=01100h-011FFh -ABANK18=01200h-012FFh \
  -ABANK19=01300h-013FFh -ABANK20=01400h-014FFh -ABANK21=01500h-015FFh \
  -ABANK22=01600h-016FFh -ABANK23=01700h-017FFh -ABANK24=01800h-018FFh \
  -ABANK25=01900h-019FFh -ABANK26=01A00h-01AFFh -ABANK27=01B00h-01BFFh \
  -ABANK28=01C00h-01CFFh -ABANK29=01D00h-01DFFh -ABANK30=01E00h-01EFFh \
  -ABANK31=01F00h-01FFFh -ABANK32=02000h-020FFh -ABANK33=02100h-021FFh \
  -ABANK34=02200h-022FFh -ABANK35=02300h-023FFh -ABANK36=02400h-024FFh \
  -ASFR=00h-0FFhx4,0400h-045Fh,0460h-04FFh,02500h-025FFh \
  -ABIGSFR=00h-04FFh,02500h-025FFh -ACONFIG=0300000h-0300011h \
  -AIDLOC=0200000h-020003Fh -AEEDATA=0380000h-03803FFh -peeprom_data=EEDATA \
  -preset_vec=00h -ppowerup=CODE,init -pramtop=02600h \
  -psmallconst=SMALLCONST -pmediumconst=MEDIUMCONST -pconst=CONST \
  -AFARRAM=00h-00h \
  -prdata=COMRAM,nvrram=COMRAM,nvbit=COMRAM,rbss=COMRAM,rbit=COMRAM \
  -pfarbss=FARRAM,fardata=FARRAM,nvFARRAM=FARRAM \
  -pintsave_regs=BIGRAM,bigbss=BIGRAM,bigdata=BIGRAM -pbss=RAM \
  -pidata=CODE,irdata=CODE,ibigdata=CODE,ifardata=CODE -prparam=COMRAM \
  C:\Users\HUAWEI\AppData\Local\Temp\xcAs107s.\driver_tmp_14.o \
  dist/default/production\Inte_based_NRF24.X.production.o 

Object code version is 3.11

Machine type is 18F57Q43



                Name                               Link     Load   Length Selector   Space Scale
C:\Users\HUAWEI\AppData\Local\Temp\xcAs107s.\driver_tmp_14.o
                config                           300000   300000        A        0       4
                init                                 1A       1A        4        4       0
                reset_vec                             0        0        4        0       0
dist/default/production\Inte_based_NRF24.X.production.o
                config                           300000   300000        A        0       4
                mediumconst                        FAFC     FAFC      504     7D7E       0
                ivt0x8                                8        8       12        4       0
                text117                           15014    15014        4     8000       0
                text116                           15010    15010        4     8000       0
                text115                           15002    15002        6     8000       0
                text114                           14FFC    14FFC        6     8000       0
                text113                           14D66    14D66       28     8000       0
                text112                           14D3E    14D3E       28     8000       0
                text111                           14FF4    14FF4        8     8000       0
                text110                           14E88    14E88       1E     8000       0
                text109                           1385C    1385C       CA     8000       0
                text108                           13790    13790       CC     8000       0
                text107                           13AAC    13AAC       C2     8000       0
                text106                           13E40    13E40       AE     8000       0
                text105                           14C2C    14C2C       34     8000       0
                text104                           14A60    14A60       44     8000       0
                text103                           13F92    13F92       A2     8000       0
                text102                           122DA    122DA      1B6     8000       0
                text101                           136C4    136C4       CC     8000       0
                text100                           127F0    127F0      1A2     8000       0
                text99                            14342    14342       74     8000       0
                text98                            14562    14562       64     8000       0
                text97                            12E84    12E84      12A     8000       0
                text96                            12AD6    12AD6      144     8000       0
                text95                            11008    11008      492     8000       0
                text94                            14720    14720       52     8000       0
                text93                            14DB4    14DB4       26     8000       0
                text92                            14940    14940       4C     8000       0
                text91                            1501A    1501A        2     8000       0
                text90                            14C60    14C60       32     8000       0
                text89                            14FEC    14FEC        8     8000       0
                text88                            14F18    14F18       14     8000       0
                text87                            1500C    1500C        4     8000       0
                text86                            14FDA    14FDA        A     8000       0
                text85                            14FD0    14FD0        A     8000       0
                text84                            118C2    118C2      426     8000       0
                text83                            130B6    130B6      106     8000       0
                text82                            12490    12490      1B4     8000       0
                text81                            13CDE    13CDE       B2     8000       0
                text80                            14AA4    14AA4       3E     8000       0
                text79                            14428    14428       6E     8000       0
                text78                            14C92    14C92       2E     8000       0
                text77                            14FE4    14FE4        8     8000       0
                text76                            14B54    14B54       38     8000       0
                text75                            14CC0    14CC0       2C     8000       0
                text74                            14EA6    14EA6       1A     8000       0
                text73                            12C1A    12C1A      13E     8000       0
                text72                            14158    14158       88     8000       0
                text71                            1480E    1480E       4E     8000       0
                text70                            146CE    146CE       52     8000       0
                text69                            14A1C    14A1C       44     8000       0
                text68                            14034    14034       94     8000       0
                text67                            148F4    148F4       4C     8000       0
                text66                            11CE8    11CE8      282     8000       0
                text65                            142CE    142CE       74     8000       0
                text64                            15018    15018        2     8000       0
                text63                            14BF8    14BF8       34     8000       0
                text62                            139EA    139EA       C2     8000       0
                text61                            144FC    144FC       66     8000       0
                text60                            14F04    14F04       14     8000       0
                text59                            14F9E    14F9E        E     8000       0
                text58                            14F90    14F90        E     8000       0
                text57                            14F82    14F82        E     8000       0
                text56                            149D4    149D4       48     8000       0
                text55                            13B6E    13B6E       BA     8000       0
                text54                            14F74    14F74        E     8000       0
                text53                            14F66    14F66        E     8000       0
                text52                            14F58    14F58        E     8000       0
                text51                            143B6    143B6       72     8000       0
                text50                            14ED8    14ED8       18     8000       0
                text49                            14D8E    14D8E       26     8000       0
                text48                            148A8    148A8       4C     8000       0
                text47                            14E22    14E22       24     8000       0
                text46                            14DFE    14DFE       24     8000       0
                text45                            14DDA    14DDA       24     8000       0
                text44                            141E0    141E0       78     8000       0
                text43                            14FC4    14FC4        C     8000       0
                text42                            14CEC    14CEC       2A     8000       0
                text41                            14F4A    14F4A        E     8000       0
                text40                            14BC2    14BC2       36     8000       0
                text39                            14EC0    14EC0       18     8000       0
                text38                            14AE2    14AE2       3A     8000       0
                text37                            147C0    147C0       4E     8000       0
                text36                            14E68    14E68       20     8000       0
                text35                            14B1C    14B1C       38     8000       0
                text34                            14EF0    14EF0       14     8000       0
                text33                            14E46    14E46       22     8000       0
                text32                            135F8    135F8       CC     8000       0
                text31                            1352A    1352A       CE     8000       0
                text30                            13926    13926       C4     8000       0
                text29                            13D90    13D90       B0     8000       0
                text28                            14B8C    14B8C       36     8000       0
                text27                            1498C    1498C       48     8000       0
                text26                            13EEE    13EEE       A4     8000       0
                text25                            12122    12122      1B8     8000       0
                text24                            1345C    1345C       CE     8000       0
                text23                            12644    12644      1AC     8000       0
                text22                            14258    14258       76     8000       0
                text21                            14496    14496       66     8000       0
                text20                            12D58    12D58      12C     8000       0
                text19                            12992    12992      144     8000       0
                text18                            10B6E    10B6E      49A     8000       0
                text17                            14678    14678       56     8000       0
                text16                            14D16    14D16       28     8000       0
                text15                            10000    10000      B6E     8000       0
                text14                            13388    13388       D4     8000       0
                text13                            140C8    140C8       90     8000       0
                text12                            145C6    145C6       5C     8000       0
                text11                            14F2C    14F2C       10     8000       0
                text10                            14622    14622       56     8000       0
                text9                             14772    14772       4E     8000       0
                text8                             131BC    131BC       F0     8000       0
                text7                             15008    15008        4     8000       0
                text6                             14FB8    14FB8        C     8000       0
                text5                             14FAC    14FAC        C     8000       0
                text4                             1149A    1149A      428     8000       0
                text3                             12FAE    12FAE      108     8000       0
                text2                             11F6A    11F6A      1B8     8000       0
                text1                             13C28    13C28       B6     8000       0
                text0                             132AC    132AC       DC     8000       0
                cstackCOMRAM                        501      501       5F      501       1
                cstackBANK5                         560      560       64      560       1
                cstackBANK6                         673      673       24      600       1
                dataBANK6                           6A9      6A9        E      600       1
                bssBANK6                            600      600       73      600       1
                bssBANK5                            5C4      5C4       18      560       1
                cinit                             1485C    1485C       4C     8000       0
                nvBANK6                             697      697       12      600       1
                idataBANK6                        14F3C    14F3C        E     8000       0

TOTAL           Name                               Link     Load   Length     Space
        CLASS   CODE           
                init                                 1A       1A        4         0
                reset_vec                             0        0        4         0
                ivt0x8                                8        8       12         0
                text117                           15014    15014        4         0
                text116                           15010    15010        4         0
                text115                           15002    15002        6         0
                text114                           14FFC    14FFC        6         0
                text113                           14D66    14D66       28         0
                text112                           14D3E    14D3E       28         0
                text111                           14FF4    14FF4        8         0
                text110                           14E88    14E88       1E         0
                text109                           1385C    1385C       CA         0
                text108                           13790    13790       CC         0
                text107                           13AAC    13AAC       C2         0
                text106                           13E40    13E40       AE         0
                text105                           14C2C    14C2C       34         0
                text104                           14A60    14A60       44         0
                text103                           13F92    13F92       A2         0
                text102                           122DA    122DA      1B6         0
                text101                           136C4    136C4       CC         0
                text100                           127F0    127F0      1A2         0
                text99                            14342    14342       74         0
                text98                            14562    14562       64         0
                text97                            12E84    12E84      12A         0
                text96                            12AD6    12AD6      144         0
                text95                            11008    11008      492         0
                text94                            14720    14720       52         0
                text93                            14DB4    14DB4       26         0
                text92                            14940    14940       4C         0
                text91                            1501A    1501A        2         0
                text90                            14C60    14C60       32         0
                text89                            14FEC    14FEC        8         0
                text88                            14F18    14F18       14         0
                text87                            1500C    1500C        4         0
                text86                            14FDA    14FDA        A         0
                text85                            14FD0    14FD0        A         0
                text84                            118C2    118C2      426         0
                text83                            130B6    130B6      106         0
                text82                            12490    12490      1B4         0
                text81                            13CDE    13CDE       B2         0
                text80                            14AA4    14AA4       3E         0
                text79                            14428    14428       6E         0
                text78                            14C92    14C92       2E         0
                text77                            14FE4    14FE4        8         0
                text76                            14B54    14B54       38         0
                text75                            14CC0    14CC0       2C         0
                text74                            14EA6    14EA6       1A         0
                text73                            12C1A    12C1A      13E         0
                text72                            14158    14158       88         0
                text71                            1480E    1480E       4E         0
                text70                            146CE    146CE       52         0
                text69                            14A1C    14A1C       44         0
                text68                            14034    14034       94         0
                text67                            148F4    148F4       4C         0
                text66                            11CE8    11CE8      282         0
                text65                            142CE    142CE       74         0
                text64                            15018    15018        2         0
                text63                            14BF8    14BF8       34         0
                text62                            139EA    139EA       C2         0
                text61                            144FC    144FC       66         0
                text60                            14F04    14F04       14         0
                text59                            14F9E    14F9E        E         0
                text58                            14F90    14F90        E         0
                text57                            14F82    14F82        E         0
                text56                            149D4    149D4       48         0
                text55                            13B6E    13B6E       BA         0
                text54                            14F74    14F74        E         0
                text53                            14F66    14F66        E         0
                text52                            14F58    14F58        E         0
                text51                            143B6    143B6       72         0
                text50                            14ED8    14ED8       18         0
                text49                            14D8E    14D8E       26         0
                text48                            148A8    148A8       4C         0
                text47                            14E22    14E22       24         0
                text46                            14DFE    14DFE       24         0
                text45                            14DDA    14DDA       24         0
                text44                            141E0    141E0       78         0
                text43                            14FC4    14FC4        C         0
                text42                            14CEC    14CEC       2A         0
                text41                            14F4A    14F4A        E         0
                text40                            14BC2    14BC2       36         0
                text39                            14EC0    14EC0       18         0
                text38                            14AE2    14AE2       3A         0
                text37                            147C0    147C0       4E         0
                text36                            14E68    14E68       20         0
                text35                            14B1C    14B1C       38         0
                text34                            14EF0    14EF0       14         0
                text33                            14E46    14E46       22         0
                text32                            135F8    135F8       CC         0
                text31                            1352A    1352A       CE         0
                text30                            13926    13926       C4         0
                text29                            13D90    13D90       B0         0
                text28                            14B8C    14B8C       36         0
                text27                            1498C    1498C       48         0
                text26                            13EEE    13EEE       A4         0
                text25                            12122    12122      1B8         0
                text24                            1345C    1345C       CE         0
                text23                            12644    12644      1AC         0
                text22                            14258    14258       76         0
                text21                            14496    14496       66         0
                text20                            12D58    12D58      12C         0
                text19                            12992    12992      144         0
                text18                            10B6E    10B6E      49A         0
                text17                            14678    14678       56         0
                text16                            14D16    14D16       28         0
                text15                            10000    10000      B6E         0
                text14                            13388    13388       D4         0
                text13                            140C8    140C8       90         0
                text12                            145C6    145C6       5C         0
                text11                            14F2C    14F2C       10         0
                text10                            14622    14622       56         0
                text9                             14772    14772       4E         0
                text8                             131BC    131BC       F0         0
                text7                             15008    15008        4         0
                text6                             14FB8    14FB8        C         0
                text5                             14FAC    14FAC        C         0
                text4                             1149A    1149A      428         0
                text3                             12FAE    12FAE      108         0
                text2                             11F6A    11F6A      1B8         0
                text1                             13C28    13C28       B6         0
                text0                             132AC    132AC       DC         0
                cinit                             1485C    1485C       4C         0
                idataBANK6                        14F3C    14F3C        E         0

        CLASS   CONST          

        CLASS   SMALLCONST     

        CLASS   MEDIUMCONST    
                mediumconst                        FAFC     FAFC      504         0

        CLASS   COMRAM         
                cstackCOMRAM                        501      501       5F         1

        CLASS   ABS1           

        CLASS   BIGRAM         

        CLASS   RAM            

        CLASS   BANK5          
                cstackBANK5                         560      560       64         1
                bssBANK5                            5C4      5C4       18         1

        CLASS   BANK6          
                cstackBANK6                         673      673       24         1
                dataBANK6                           6A9      6A9        E         1
                bssBANK6                            600      600       73         1
                nvBANK6                             697      697       12         1

        CLASS   BANK7          

        CLASS   BANK8          

        CLASS   BANK9          

        CLASS   BANK10         

        CLASS   BANK11         

        CLASS   BANK12         

        CLASS   BANK13         

        CLASS   BANK14         

        CLASS   BANK15         

        CLASS   BANK16         

        CLASS   BANK17         

        CLASS   BANK18         

        CLASS   BANK19         

        CLASS   BANK20         

        CLASS   BANK21         

        CLASS   BANK22         

        CLASS   BANK23         

        CLASS   BANK24         

        CLASS   BANK25         

        CLASS   BANK26         

        CLASS   BANK27         

        CLASS   BANK28         

        CLASS   BANK29         

        CLASS   BANK30         

        CLASS   BANK31         

        CLASS   BANK32         

        CLASS   BANK33         

        CLASS   BANK34         

        CLASS   BANK35         

        CLASS   BANK36         

        CLASS   SFR            

        CLASS   BIGSFR         

        CLASS   CONFIG         
                config                           300000   300000        A         4

        CLASS   IDLOC          

        CLASS   EEDATA         

        CLASS   FARRAM         

        CLASS   HEAP           

        CLASS   STACK          



SEGMENTS        Name                           Load    Length   Top    Selector   Space  Class

                reset_vec                      000000  000004  000004         0       0  CODE    
                ivt0x8                         000008  000016  00001E         4       0  CODE    
                cstackCOMRAM                   000501  00005F  000560       501       1  COMRAM  
                cstackBANK5                    000560  00007C  0005DC       560       1  BANK5   
                bssBANK6                       000600  0000B7  0006B7       600       1  BANK6   
                mediumconst                    00FAFC  000504  010000      7D7E       0  MEDIUMCO
                text15                         010000  00501C  01501C      8000       0  CODE    


UNUSED ADDRESS RANGES

        Name                Unused          Largest block    Delta
        BANK10           000A00-000AFF              100
        BANK11           000B00-000BFF              100
        BANK12           000C00-000CFF              100
        BANK13           000D00-000DFF              100
        BANK14           000E00-000EFF              100
        BANK15           000F00-000FFF              100
        BANK16           001000-0010FF              100
        BANK17           001100-0011FF              100
        BANK18           001200-0012FF              100
        BANK19           001300-0013FF              100
        BANK20           001400-0014FF              100
        BANK21           001500-0015FF              100
        BANK22           001600-0016FF              100
        BANK23           001700-0017FF              100
        BANK24           001800-0018FF              100
        BANK25           001900-0019FF              100
        BANK26           001A00-001AFF              100
        BANK27           001B00-001BFF              100
        BANK28           001C00-001CFF              100
        BANK29           001D00-001DFF              100
        BANK30           001E00-001EFF              100
        BANK31           001F00-001FFF              100
        BANK32           002000-0020FF              100
        BANK33           002100-0021FF              100
        BANK34           002200-0022FF              100
        BANK35           002300-0023FF              100
        BANK36           002400-0024FF              100
        BANK5            0005DC-0005FF               24
        BANK6            0006B7-0006FF               49
        BANK7            000700-0007FF              100
        BANK8            000800-0008FF              100
        BANK9            000900-0009FF              100
        BIGRAM           0005DC-0005FF               24
                         0006B7-0024FF             1E49
        BIGSFR           000000-0004FF              500
                         002500-0025FF              100
        CODE             000004-000007                4
                         00001E-00FAFB             FADE
                         01501C-01FFFF             AFE4
        CONFIG           30000A-300011                8
        CONST            000004-000007                4
                         00001E-00FAFB             FADE
                         01501C-01FFFF             AFE4
        EEDATA           380000-3803FF              400
        IDLOC            200000-20003F               40
        MEDIUMCONST      002600-00FAFB             D4FC
                         01501C-01FFFF             AFE4
        RAM              0005DC-0005FF               24
                         0006B7-0024FF              100
        SFR              000000-0004FF              100
                         002500-0025FF              100
        SMALLCONST       002600-00FAFB              100
                         01501C-01FFFF              100

                                  Symbol Table

?_ADC_ChannelSelectAndConvert                                 cstackCOMRAM 000501
?___awdiv                                                     cstackBANK5  00056C
?___awmod                                                     cstackBANK5  00056C
?___flmul                                                     cstackBANK5  00057A
?___fltol                                                     cstackBANK5  000593
?___lwdiv                                                     cstackBANK5  00056C
?___lwmod                                                     cstackBANK5  00056C
?___xxtofl                                                    cstackBANK5  00056C
?_abs                                                         cstackBANK5  000572
?_printf                                                      cstackBANK5  0005AD
?_read_prec_or_width                                          cstackBANK5  00056C
?_sprintf                                                     cstackCOMRAM 000542
?_vfprintf                                                    cstackBANK5  0005A5
?i2___awdiv                                                   cstackCOMRAM 000501
?i2___awmod                                                   cstackCOMRAM 000501
?i2___flmul                                                   cstackCOMRAM 00050F
?i2___fltol                                                   cstackCOMRAM 000528
?i2___lwdiv                                                   cstackCOMRAM 000501
?i2___lwmod                                                   cstackCOMRAM 000501
?i2___xxtofl                                                  cstackCOMRAM 000501
?i2_abs                                                       cstackCOMRAM 000507
?i2_printf                                                    cstackCOMRAM 000542
?i2_read_prec_or_width                                        cstackCOMRAM 000501
?i2_vfprintf                                                  cstackCOMRAM 00053A
ADC_ChannelSelectAndConvert@channel                           cstackCOMRAM 000505
INT0_SetInterruptHandler@InterruptHandler                     cstackBANK5  00056C
INT1_SetInterruptHandler@InterruptHandler                     cstackBANK5  00056C
INT2_SetInterruptHandler@InterruptHandler                     cstackBANK5  00056C
INTSTAT_ADDR                                                  (abs)        0000D7
IVTBASEH                                                      (abs)        00045E
IVTBASEL                                                      (abs)        00045D
IVTBASEU                                                      (abs)        00045F
PWM1_16BIT_Period_SetInterruptHandler@InterruptHandler        cstackBANK5  00056C
PWM1_16BIT_SetSlice1Output1DutyCycleRegister@registerValue    cstackBANK5  00059D
PWM1_16BIT_SetSlice1Output2DutyCycleRegister@registerValue    cstackBANK5  00059D
PWM1_16BIT_Slice1Output1_SetInterruptHandler@InterruptHandler cstackBANK5  00056C
PWM1_16BIT_Slice1Output2_SetInterruptHandler@InterruptHandler cstackBANK5  00056C
SPI1_ByteExchange@byteData                                    cstackBANK5  00056C
SPI1_ByteExchange@returnValue                                 cstackBANK5  00056D
SPI1_Open@spiConfigIndex                                      cstackBANK5  00056C
TMR0_ConfigureAndStart@clockSource                            cstackCOMRAM 000503
TMR0_ConfigureAndStart@period                                 cstackCOMRAM 000504
TMR0_ConfigureAndStart@postscale                              cstackCOMRAM 000502
TMR0_ConfigureAndStart@prescale                               cstackCOMRAM 000501
TMR0_PeriodMatchCallbackRegister@callbackHandler              cstackBANK5  00056C
UART1_FramingErrorCallbackRegister@callbackHandler            cstackBANK5  00056C
UART1_OverrunErrorCallbackRegister@callbackHandler            cstackBANK5  00056C
UART1_ParityErrorCallbackRegister@callbackHandler             cstackBANK5  00056C
UART1_Write@txData                                            cstackBANK5  00056C
_ACTCON                                                       (abs)        0000AC
_ADACCH                                                       (abs)        0003E4
_ADACCL                                                       (abs)        0003E3
_ADACCU                                                       (abs)        0003E5
_ADACQH                                                       (abs)        0003EF
_ADACQL                                                       (abs)        0003EE
_ADACT                                                        (abs)        0003F9
_ADCAP                                                        (abs)        0003F0
_ADCLK                                                        (abs)        0003FA
_ADCNT                                                        (abs)        0003E6
_ADCON0                                                       (abs)        0003F3
_ADCON0bits                                                   (abs)        0003F3
_ADCON1                                                       (abs)        0003F4
_ADCON1bits                                                   (abs)        0003F4
_ADCON2                                                       (abs)        0003F5
_ADCON2bits                                                   (abs)        0003F5
_ADCON3                                                       (abs)        0003F6
_ADCON3bits                                                   (abs)        0003F6
_ADCP                                                         (abs)        0003D8
_ADCPbits                                                     (abs)        0003D8
_ADC_ChannelSelectAndConvert                                  text78       014C92
_ADC_ConversionDoneCallback                                   bssBANK6     00062C
_ADC_ISR                                                      text117      015014
_ADC_Initialize                                               text61       0144FC
_ADC_SampleCapacitorDischarge                                 text77       014FE4
_ADC_ThresholdCallback                                        bssBANK6     000629
_ADC_ThresholdISR                                             text116      015010
_ADDRESS_DATA_RXPIPE0                                         dataBANK6    0006B2
_ADDRESS_DATA_TXPIPE0                                         dataBANK6    0006AD
_ADERRH                                                       (abs)        0003DE
_ADERRL                                                       (abs)        0003DD
_ADFLTRH                                                      (abs)        0003E2
_ADFLTRL                                                      (abs)        0003E1
_ADLTHH                                                       (abs)        0003DA
_ADLTHL                                                       (abs)        0003D9
_ADPCH                                                        (abs)        0003EC
_ADPREH                                                       (abs)        0003F2
_ADPREL                                                       (abs)        0003F1
_ADPREVH                                                      (abs)        0003E9
_ADPREVL                                                      (abs)        0003E8
_ADREF                                                        (abs)        0003F8
_ADRESH                                                       (abs)        0003EB
_ADRESL                                                       (abs)        0003EA
_ADRPT                                                        (abs)        0003E7
_ADSTAT                                                       (abs)        0003F7
_ADSTATbits                                                   (abs)        0003F7
_ADSTPTH                                                      (abs)        0003E0
_ADSTPTL                                                      (abs)        0003DF
_ADUTHH                                                       (abs)        0003DC
_ADUTHL                                                       (abs)        0003DB
_ANSELA                                                       (abs)        000400
_ANSELB                                                       (abs)        000408
_ANSELC                                                       (abs)        000410
_ANSELD                                                       (abs)        000418
_ANSELE                                                       (abs)        000420
_ANSELF                                                       (abs)        000428
_CLOCK_Initialize                                             text60       014F04
_INLVLA                                                       (abs)        000404
_INLVLB                                                       (abs)        00040C
_INLVLC                                                       (abs)        000414
_INLVLD                                                       (abs)        00041C
_INLVLE                                                       (abs)        000424
_INLVLF                                                       (abs)        00042C
_INT0_DefaultInterruptHandler                                 (abs)        000000
_INT0_InterruptHandler                                        bssBANK5     0005CA
_INT0_SetInterruptHandler                                     text59       014F9E
_INT1PPS                                                      (abs)        00023F
_INT1_CallBack                                                text90       014C60
_INT1_DefaultInterruptHandler                                 text91       01501A
_INT1_ISR                                                     text89       014FEC
_INT1_InterruptHandler                                        bssBANK5     0005C7
_INT1_SetInterruptHandler                                     text58       014F90
_INT2_DefaultInterruptHandler                                 (abs)        000000
_INT2_InterruptHandler                                        bssBANK5     0005C4
_INT2_SetInterruptHandler                                     text57       014F82
_INTCON0bits                                                  (abs)        0004D6
_INTERRUPT_Initialize                                         text56       0149D4
_INTERRUPT_InterruptManager                                   text62       0139EA
_IOCAF                                                        (abs)        000407
_IOCAN                                                        (abs)        000406
_IOCAP                                                        (abs)        000405
_IOCBF                                                        (abs)        00040F
_IOCBN                                                        (abs)        00040E
_IOCBP                                                        (abs)        00040D
_IOCCF                                                        (abs)        000417
_IOCCN                                                        (abs)        000416
_IOCCP                                                        (abs)        000415
_IOCEF                                                        (abs)        000427
_IOCEN                                                        (abs)        000426
_IOCEP                                                        (abs)        000425
_LATA                                                         (abs)        0004BE
_LATB                                                         (abs)        0004BF
_LATC                                                         (abs)        0004C0
_LATD                                                         (abs)        0004C1
_LATDbits                                                     (abs)        0004C1
_LATE                                                         (abs)        0004C2
_LATF                                                         (abs)        0004C3
_ODCONA                                                       (abs)        000402
_ODCONB                                                       (abs)        00040A
_ODCONC                                                       (abs)        000412
_ODCOND                                                       (abs)        00041A
_ODCONE                                                       (abs)        000422
_ODCONF                                                       (abs)        00042A
_OSCCON1                                                      (abs)        0000AD
_OSCCON3                                                      (abs)        0000AF
_OSCEN                                                        (abs)        0000B3
_OSCFRQ                                                       (abs)        0000B1
_OSCTUNE                                                      (abs)        0000B0
_PCON0                                                        (abs)        0004F0
_PIE1bits                                                     (abs)        00049F
_PIE2bits                                                     (abs)        0004A0
_PIE3bits                                                     (abs)        0004A1
_PIE4bits                                                     (abs)        0004A2
_PIE6bits                                                     (abs)        0004A4
_PIN_MANAGER_Initialize                                       text55       013B6E
_PIR10bits                                                    (abs)        0004B8
_PIR1bits                                                     (abs)        0004AF
_PIR2bits                                                     (abs)        0004B0
_PIR3bits                                                     (abs)        0004B1
_PIR4bits                                                     (abs)        0004B2
_PIR6bits                                                     (abs)        0004B4
_PWM1CLK                                                      (abs)        000461
_PWM1CON                                                      (abs)        000469
_PWM1CONbits                                                  (abs)        000469
_PWM1CPRE                                                     (abs)        000465
_PWM1ERS                                                      (abs)        000460
_PWM1GIE                                                      (abs)        000468
_PWM1GIEbits                                                  (abs)        000468
_PWM1GIR                                                      (abs)        000467
_PWM1GIRbits                                                  (abs)        000467
_PWM1LDS                                                      (abs)        000462
_PWM1PIPOS                                                    (abs)        000466
_PWM1PRH                                                      (abs)        000464
_PWM1PRL                                                      (abs)        000463
_PWM1S1CFG                                                    (abs)        00046A
_PWM1S1P1H                                                    (abs)        00046C
_PWM1S1P1L                                                    (abs)        00046B
_PWM1S1P2H                                                    (abs)        00046E
_PWM1S1P2L                                                    (abs)        00046D
_PWM1_16BIT_Initialize                                        text51       0143B6
_PWM1_16BIT_LoadBufferRegisters                               text7        015008
_PWM1_16BIT_Period_DefaultInterruptHandler                    (abs)        000000
_PWM1_16BIT_Period_InterruptHandler                           nvBANK6      0006A0
_PWM1_16BIT_Period_SetInterruptHandler                        text54       014F74
_PWM1_16BIT_SetSlice1Output1DutyCycleRegister                 text6        014FB8
_PWM1_16BIT_SetSlice1Output2DutyCycleRegister                 text5        014FAC
_PWM1_16BIT_Slice1Output1_DefaultInterruptHandler             (abs)        000000
_PWM1_16BIT_Slice1Output1_InterruptHandler                    nvBANK6      0006A6
_PWM1_16BIT_Slice1Output1_SetInterruptHandler                 text53       014F66
_PWM1_16BIT_Slice1Output2_DefaultInterruptHandler             (abs)        000000
_PWM1_16BIT_Slice1Output2_InterruptHandler                    nvBANK6      0006A3
_PWM1_16BIT_Slice1Output2_SetInterruptHandler                 text52       014F58
_RB1I2C                                                       (abs)        000289
_RB2I2C                                                       (abs)        000288
_RC1PPS                                                       (abs)        000212
_RC2PPS                                                       (abs)        000213
_RC3I2C                                                       (abs)        000287
_RC3PPS                                                       (abs)        000214
_RC4I2C                                                       (abs)        000286
_RC5PPS                                                       (abs)        000216
_RF0PPS                                                       (abs)        000229
_SLRCONA                                                      (abs)        000403
_SLRCONB                                                      (abs)        00040B
_SLRCONC                                                      (abs)        000413
_SLRCOND                                                      (abs)        00041B
_SLRCONE                                                      (abs)        000423
_SLRCONF                                                      (abs)        00042B
_SPI1BAUD                                                     (abs)        000089
_SPI1CLK                                                      (abs)        00008C
_SPI1CON0                                                     (abs)        000084
_SPI1CON0bits                                                 (abs)        000084
_SPI1CON1                                                     (abs)        000085
_SPI1CON2                                                     (abs)        000086
_SPI1INTFbits                                                 (abs)        00008A
_SPI1RXB                                                      (abs)        000080
_SPI1SCKPPS                                                   (abs)        00026A
_SPI1SDIPPS                                                   (abs)        00026B
_SPI1STATUSbits                                               (abs)        000087
_SPI1TCNTH                                                    (abs)        000083
_SPI1TCNTL                                                    (abs)        000082
_SPI1TXB                                                      (abs)        000081
_SPI1_BufferExchange                                          (abs)        000000
_SPI1_BufferRead                                              (abs)        000000
_SPI1_BufferWrite                                             (abs)        000000
_SPI1_ByteExchange                                            text38       014AE2
_SPI1_ByteExchange$intlevel0                                  text38       014AEC
_SPI1_ByteRead                                                (abs)        000000
_SPI1_ByteWrite                                               (abs)        000000
_SPI1_Close                                                   (abs)        000000
_SPI1_Deinitialize                                            (abs)        000000
_SPI1_Host                                                    mediumconst  00FB45
_SPI1_Initialize                                              text50       014ED8
_SPI1_IsRxReady                                               (abs)        000000
_SPI1_IsTxReady                                               (abs)        000000
_SPI1_Open                                                    text14       013388
_SYSTEM_Initialize                                            text42       014CEC
_T0CON0                                                       (abs)        00031A
_T0CON0bits                                                   (abs)        00031A
_T0CON1                                                       (abs)        00031B
_T1CLK                                                        (abs)        000321
_T1CON                                                        (abs)        00031E
_T1CONbits                                                    (abs)        00031E
_T1GATE                                                       (abs)        000320
_T1GCON                                                       (abs)        00031F
_T1GCONbits                                                   (abs)        00031F
_TMR0H                                                        (abs)        000319
_TMR0L                                                        (abs)        000318
_TMR0_ConfigureAndStart                                       text113      014D66
_TMR0_DefaultCallback                                         text64       015018
_TMR0_IRQHandler                                              text65       0142CE
_TMR0_ISR                                                     text63       014BF8
_TMR0_Initialize                                              text49       014D8E
_TMR0_PeriodMatchCallback                                     nvBANK6      000697
_TMR0_PeriodMatchCallbackRegister                             text41       014F4A
_TMR0_Start                                                   text115      015002
_TMR0_Stop                                                    text114      014FFC
_TMR1H                                                        (abs)        00031D
_TMR1L                                                        (abs)        00031C
_TMR1_DefaultGateCallback                                     (abs)        000000
_TMR1_DefaultOverflowCallback                                 (abs)        000000
_TMR1_GateCallback                                            nvBANK6      00069A
_TMR1_Initialize                                              text48       0148A8
_TMR1_OverflowCallback                                        nvBANK6      00069D
_TRISA                                                        (abs)        0004C6
_TRISB                                                        (abs)        0004C7
_TRISC                                                        (abs)        0004C8
_TRISCbits                                                    (abs)        0004C8
_TRISD                                                        (abs)        0004C9
_TRISDbits                                                    (abs)        0004C9
_TRISE                                                        (abs)        0004CA
_TRISF                                                        (abs)        0004CB
_U1BRGH                                                       (abs)        0002AF
_U1BRGL                                                       (abs)        0002AE
_U1CON0                                                       (abs)        0002AB
_U1CON0bits                                                   (abs)        0002AB
_U1CON1                                                       (abs)        0002AC
_U1CON1bits                                                   (abs)        0002AC
_U1CON2                                                       (abs)        0002AD
_U1ERRIE                                                      (abs)        0002B3
_U1ERRIR                                                      (abs)        0002B2
_U1ERRIRbits                                                  (abs)        0002B2
_U1FIFO                                                       (abs)        0002B0
_U1FIFObits                                                   (abs)        0002B0
_U1P1H                                                        (abs)        0002A6
_U1P1L                                                        (abs)        0002A5
_U1P2H                                                        (abs)        0002A8
_U1P2L                                                        (abs)        0002A7
_U1P3H                                                        (abs)        0002AA
_U1P3L                                                        (abs)        0002A9
_U1RXB                                                        (abs)        0002A1
_U1RXCHK                                                      (abs)        0002A2
_U1RXPPS                                                      (abs)        000272
_U1TXB                                                        (abs)        0002A3
_U1TXCHK                                                      (abs)        0002A4
_U1UIR                                                        (abs)        0002B1
_U1UIRbits                                                    (abs)        0002B1
_UART1                                                        mediumconst  00FAFD
_UART1_AutoBaudQuery                                          (abs)        000000
_UART1_AutoBaudSet                                            (abs)        000000
_UART1_DefaultFramingErrorCallback                            (abs)        000000
_UART1_DefaultOverrunErrorCallback                            (abs)        000000
_UART1_DefaultParityErrorCallback                             (abs)        000000
_UART1_Deinitialize                                           (abs)        000000
_UART1_ErrorGet                                               (abs)        000000
_UART1_FramingErrorCallbackRegister                           text47       014E22
_UART1_FramingErrorHandler                                    bssBANK6     000626
_UART1_Initialize                                             text44       0141E0
_UART1_IsRxReady                                              (abs)        000000
_UART1_IsTxDone                                               (abs)        000000
_UART1_IsTxReady                                              text35       014B1C
_UART1_IsTxReady$2523                                         cstackBANK5  00056C
_UART1_IsTxReady$intlevel0                                    text35       014B26
_UART1_OverrunErrorCallbackRegister                           text46       014DFE
_UART1_OverrunErrorHandler                                    bssBANK6     000623
_UART1_ParityErrorCallbackRegister                            text45       014DDA
_UART1_ParityErrorHandler                                     bssBANK6     000620
_UART1_Read                                                   (abs)        000000
_UART1_TransmitDisable                                        (abs)        000000
_UART1_TransmitEnable                                         (abs)        000000
_UART1_Write                                                  text34       014EF0
_UART1_Write$intlevel0                                        text34       014EFA
_WDTCON0                                                      (abs)        000078
_WDTCON1                                                      (abs)        000079
_WPUA                                                         (abs)        000401
_WPUB                                                         (abs)        000409
_WPUC                                                         (abs)        000411
_WPUD                                                         (abs)        000419
_WPUE                                                         (abs)        000421
_WPUF                                                         (abs)        000429
_WWDT_Initialize                                              text43       014FC4
__HRAM                                                        (abs)        000000
__H__absolute__                                               __absolute__ 000000
__Habs1                                                       abs1         000000
__Hbank10                                                     bank10       000000
__Hbank11                                                     bank11       000000
__Hbank12                                                     bank12       000000
__Hbank13                                                     bank13       000000
__Hbank14                                                     bank14       000000
__Hbank15                                                     bank15       000000
__Hbank16                                                     bank16       000000
__Hbank17                                                     bank17       000000
__Hbank18                                                     bank18       000000
__Hbank19                                                     bank19       000000
__Hbank20                                                     bank20       000000
__Hbank21                                                     bank21       000000
__Hbank22                                                     bank22       000000
__Hbank23                                                     bank23       000000
__Hbank24                                                     bank24       000000
__Hbank25                                                     bank25       000000
__Hbank26                                                     bank26       000000
__Hbank27                                                     bank27       000000
__Hbank28                                                     bank28       000000
__Hbank29                                                     bank29       000000
__Hbank30                                                     bank30       000000
__Hbank31                                                     bank31       000000
__Hbank32                                                     bank32       000000
__Hbank33                                                     bank33       000000
__Hbank34                                                     bank34       000000
__Hbank35                                                     bank35       000000
__Hbank36                                                     bank36       000000
__Hbank5                                                      bank5        000000
__Hbank6                                                      bank6        000000
__Hbank7                                                      bank7        000000
__Hbank8                                                      bank8        000000
__Hbank9                                                      bank9        000000
__Hbigbss                                                     bigbss       000000
__Hbigdata                                                    bigdata      000000
__Hbigram                                                     bigram       000000
__Hbigsfr                                                     bigsfr       000000
__Hbss                                                        bss          000000
__HbssBANK5                                                   bssBANK5     000000
__HbssBANK6                                                   bssBANK6     000000
__Hcinit                                                      cinit        000000
__Hclrtext                                                    clrtext      000000
__Hcomram                                                     comram       000000
__Hconfig                                                     config       30000A
__Hconst                                                      const        000000
__HcstackBANK5                                                cstackBANK5  000000
__HcstackBANK6                                                cstackBANK6  000000
__HcstackCOMRAM                                               cstackCOMRAM 000000
__Hdata                                                       data         000000
__HdataBANK6                                                  dataBANK6    000000
__Heeprom_data                                                eeprom_data  000000
__Hfarbss                                                     farbss       000000
__Hfardata                                                    fardata      000000
__Hheap                                                       heap         000000
__Hibigdata                                                   ibigdata     000000
__Hidata                                                      idata        000000
__HidataBANK6                                                 idataBANK6   000000
__Hidloc                                                      idloc        000000
__Hifardata                                                   ifardata     000000
__Hinit                                                       init         00001E
__Hintsave_regs                                               intsave_regs 000000
__Hirdata                                                     irdata       000000
__Hivt0x8                                                     ivt0x8       00001A
__Hmediumconst                                                mediumconst  010000
__HnvBANK6                                                    nvBANK6      000000
__HnvFARRAM                                                   nvFARRAM     000000
__Hnvbit                                                      nvbit        000000
__Hnvrram                                                     nvrram       000000
__Hparam                                                      rparam       000000
__Hpowerup                                                    powerup      000000
__Hram                                                        ram          000000
__Hramtop                                                     ramtop       002600
__Hrbit                                                       rbit         000000
__Hrbss                                                       rbss         000000
__Hrdata                                                      rdata        000000
__Hreset_vec                                                  reset_vec    000004
__Hrparam                                                     rparam       000000
__Hsfr                                                        sfr          000000
__Hsmallconst                                                 smallconst   000000
__Hspace_0                                                    (abs)        01501C
__Hspace_1                                                    (abs)        0006B7
__Hspace_2                                                    (abs)        000000
__Hspace_4                                                    (abs)        60000A
__Hstack                                                      stack        000000
__Hstruct                                                     struct       000000
__Htemp                                                       temp         000000
__Htext                                                       text         000000
__Htext0                                                      text0        000000
__Htext1                                                      text1        000000
__Htext10                                                     text10       000000
__Htext100                                                    text100      000000
__Htext101                                                    text101      000000
__Htext102                                                    text102      000000
__Htext103                                                    text103      000000
__Htext104                                                    text104      000000
__Htext105                                                    text105      000000
__Htext106                                                    text106      000000
__Htext107                                                    text107      000000
__Htext108                                                    text108      000000
__Htext109                                                    text109      000000
__Htext11                                                     text11       000000
__Htext110                                                    text110      000000
__Htext111                                                    text111      000000
__Htext112                                                    text112      000000
__Htext113                                                    text113      000000
__Htext114                                                    text114      000000
__Htext115                                                    text115      000000
__Htext116                                                    text116      000000
__Htext117                                                    text117      000000
__Htext12                                                     text12       000000
__Htext13                                                     text13       000000
__Htext14                                                     text14       000000
__Htext15                                                     text15       000000
__Htext16                                                     text16       000000
__Htext17                                                     text17       000000
__Htext18                                                     text18       000000
__Htext19                                                     text19       000000
__Htext2                                                      text2        000000
__Htext20                                                     text20       000000
__Htext21                                                     text21       000000
__Htext22                                                     text22       000000
__Htext23                                                     text23       000000
__Htext24                                                     text24       000000
__Htext25                                                     text25       000000
__Htext26                                                     text26       000000
__Htext27                                                     text27       000000
__Htext28                                                     text28       000000
__Htext29                                                     text29       000000
__Htext3                                                      text3        000000
__Htext30                                                     text30       000000
__Htext31                                                     text31       000000
__Htext32                                                     text32       000000
__Htext33                                                     text33       000000
__Htext34                                                     text34       000000
__Htext35                                                     text35       000000
__Htext36                                                     text36       000000
__Htext37                                                     text37       000000
__Htext38                                                     text38       000000
__Htext39                                                     text39       000000
__Htext4                                                      text4        000000
__Htext40                                                     text40       000000
__Htext41                                                     text41       000000
__Htext42                                                     text42       000000
__Htext43                                                     text43       000000
__Htext44                                                     text44       000000
__Htext45                                                     text45       000000
__Htext46                                                     text46       000000
__Htext47                                                     text47       000000
__Htext48                                                     text48       000000
__Htext49                                                     text49       000000
__Htext5                                                      text5        000000
__Htext50                                                     text50       000000
__Htext51                                                     text51       000000
__Htext52                                                     text52       000000
__Htext53                                                     text53       000000
__Htext54                                                     text54       000000
__Htext55                                                     text55       000000
__Htext56                                                     text56       000000
__Htext57                                                     text57       000000
__Htext58                                                     text58       000000
__Htext59                                                     text59       000000
__Htext6                                                      text6        000000
__Htext60                                                     text60       000000
__Htext61                                                     text61       000000
__Htext62                                                     text62       000000
__Htext63                                                     text63       000000
__Htext64                                                     text64       000000
__Htext65                                                     text65       000000
__Htext66                                                     text66       000000
__Htext67                                                     text67       000000
__Htext68                                                     text68       000000
__Htext69                                                     text69       000000
__Htext7                                                      text7        000000
__Htext70                                                     text70       000000
__Htext71                                                     text71       000000
__Htext72                                                     text72       000000
__Htext73                                                     text73       000000
__Htext74                                                     text74       000000
__Htext75                                                     text75       000000
__Htext76                                                     text76       000000
__Htext77                                                     text77       000000
__Htext78                                                     text78       000000
__Htext79                                                     text79       000000
__Htext8                                                      text8        000000
__Htext80                                                     text80       000000
__Htext81                                                     text81       000000
__Htext82                                                     text82       000000
__Htext83                                                     text83       000000
__Htext84                                                     text84       000000
__Htext85                                                     text85       000000
__Htext86                                                     text86       000000
__Htext87                                                     text87       000000
__Htext88                                                     text88       000000
__Htext89                                                     text89       000000
__Htext9                                                      text9        000000
__Htext90                                                     text90       000000
__Htext91                                                     text91       000000
__Htext92                                                     text92       000000
__Htext93                                                     text93       000000
__Htext94                                                     text94       000000
__Htext95                                                     text95       000000
__Htext96                                                     text96       000000
__Htext97                                                     text97       000000
__Htext98                                                     text98       000000
__Htext99                                                     text99       000000
__LRAM                                                        (abs)        000001
__L__absolute__                                               __absolute__ 000000
__Labs1                                                       abs1         000000
__Lbank10                                                     bank10       000000
__Lbank11                                                     bank11       000000
__Lbank12                                                     bank12       000000
__Lbank13                                                     bank13       000000
__Lbank14                                                     bank14       000000
__Lbank15                                                     bank15       000000
__Lbank16                                                     bank16       000000
__Lbank17                                                     bank17       000000
__Lbank18                                                     bank18       000000
__Lbank19                                                     bank19       000000
__Lbank20                                                     bank20       000000
__Lbank21                                                     bank21       000000
__Lbank22                                                     bank22       000000
__Lbank23                                                     bank23       000000
__Lbank24                                                     bank24       000000
__Lbank25                                                     bank25       000000
__Lbank26                                                     bank26       000000
__Lbank27                                                     bank27       000000
__Lbank28                                                     bank28       000000
__Lbank29                                                     bank29       000000
__Lbank30                                                     bank30       000000
__Lbank31                                                     bank31       000000
__Lbank32                                                     bank32       000000
__Lbank33                                                     bank33       000000
__Lbank34                                                     bank34       000000
__Lbank35                                                     bank35       000000
__Lbank36                                                     bank36       000000
__Lbank5                                                      bank5        000000
__Lbank6                                                      bank6        000000
__Lbank7                                                      bank7        000000
__Lbank8                                                      bank8        000000
__Lbank9                                                      bank9        000000
__Lbigbss                                                     bigbss       000000
__Lbigdata                                                    bigdata      000000
__Lbigram                                                     bigram       000000
__Lbigsfr                                                     bigsfr       000000
__Lbss                                                        bss          000000
__LbssBANK5                                                   bssBANK5     000000
__LbssBANK6                                                   bssBANK6     000000
__Lcinit                                                      cinit        000000
__Lclrtext                                                    clrtext      000000
__Lcomram                                                     comram       000000
__Lconfig                                                     config       000000
__Lconst                                                      const        000000
[...]
i2putch@txData                                                cstackCOMRAM 000502
i2read_prec_or_width@ap                                       cstackCOMRAM 000503
i2read_prec_or_width@c                                        cstackCOMRAM 000507
i2read_prec_or_width@fmt                                      cstackCOMRAM 000501
i2read_prec_or_width@n                                        cstackCOMRAM 000508
i2reload_PWM1_dutyCycle@slice1                                cstackCOMRAM 000534
i2reload_PWM1_dutyCycle@slice2                                cstackCOMRAM 000538
i2stoa@cp                                                     cstackCOMRAM 000516
i2stoa@fp                                                     cstackCOMRAM 00050C
i2stoa@l                                                      cstackCOMRAM 000518
i2stoa@p                                                      cstackCOMRAM 000512
i2stoa@s                                                      cstackCOMRAM 00050E
i2stoa@w                                                      cstackCOMRAM 000514
i2utoa@d                                                      cstackCOMRAM 00051E
i2utoa@fp                                                     cstackCOMRAM 00051C
i2utoa@i                                                      cstackCOMRAM 000524
i2utoa@p                                                      cstackCOMRAM 000520
i2utoa@w                                                      cstackCOMRAM 000522
i2vfpfcnvrt@ap                                                cstackCOMRAM 00052E
i2vfpfcnvrt@c                                                 cstackCOMRAM 000532
i2vfpfcnvrt@convarg                                           cstackCOMRAM 000533
i2vfpfcnvrt@cp                                                cstackCOMRAM 000538
i2vfpfcnvrt@done                                              cstackCOMRAM 000537
i2vfpfcnvrt@fmt                                               cstackCOMRAM 00052C
i2vfpfcnvrt@fp                                                cstackCOMRAM 00052A
i2vfprintf@ap                                                 cstackCOMRAM 00053E
i2vfprintf@cfmt                                               cstackCOMRAM 000540
i2vfprintf@fmt                                                cstackCOMRAM 00053C
i2vfprintf@fp                                                 cstackCOMRAM 00053A
i2xtoa@c                                                      cstackCOMRAM 000527
i2xtoa@d                                                      cstackCOMRAM 00051E
i2xtoa@fp                                                     cstackCOMRAM 00051C
i2xtoa@i                                                      cstackCOMRAM 000528
i2xtoa@p                                                      cstackCOMRAM 000523
i2xtoa@w                                                      cstackCOMRAM 000525
intlevel0                                                     text         000000
intlevel1                                                     text         000000
intlevel2                                                     text         000000
intlevel3                                                     text         000000
isa$std                                                       (abs)        000001
isa$xinst                                                     (abs)        000000
ivt0x8_base                                                   ivt0x8       000008
memset@c                                                      cstackCOMRAM 000503
memset@dest                                                   cstackCOMRAM 000501
memset@n                                                      cstackCOMRAM 000505
memset@p                                                      cstackCOMRAM 000507
nrf24_printf_rf_config@aw                                     cstackBANK6  000695
nrf24_printf_rf_config@buf                                    cstackBANK6  00068F
nrf24_printf_rf_config@i                                      cstackBANK6  000696
nrf24_printf_rf_config@j                                      cstackBANK6  000694
nrf24_printf_rf_status@i                                      cstackCOMRAM 00055E
nrf24_read_buff@buffer                                        cstackBANK5  00056E
nrf24_read_buff@bytes                                         cstackBANK5  000570
nrf24_read_buff@i                                             cstackBANK5  000572
nrf24_read_buff@mnemonic_addr                                 cstackBANK5  000571
nrf24_read_register@byte0                                     cstackBANK5  00056F
nrf24_read_register@mnemonic_addr                             cstackBANK5  00056E
nrf24_rf_init@i                                               cstackBANK5  000575
nrf24_rf_init@mode                                            cstackBANK5  000574
nrf24_rf_init@rf_channel                                      cstackBANK5  000573
nrf24_rf_init@stat                                            cstackBANK5  000576
nrf24_send_rf_data@buffer                                     cstackBANK5  000560
nrf24_set_channel_frq@rf_channel                              cstackBANK5  000570
nrf24_set_rf_mode@mode                                        cstackBANK5  000572
nrf24_write_buff@buffer                                       cstackBANK5  00056E
nrf24_write_buff@bytes                                        cstackBANK5  000570
nrf24_write_buff@i                                            cstackBANK5  000572
nrf24_write_buff@mnemonic_addr                                cstackBANK5  000571
nrf24_write_register@mnemonic_addr                            cstackBANK5  00056F
nrf24_write_register@value                                    cstackBANK5  00056E
pad@buf                                                       cstackBANK5  000580
pad@fp                                                        cstackBANK5  00057E
pad@i                                                         cstackBANK5  000585
pad@p                                                         cstackBANK5  000582
printf@ap                                                     cstackBANK5  0005BB
printf@fmt                                                    cstackBANK5  0005AD
putch@txData                                                  cstackBANK5  00056D
read_prec_or_width@ap                                         cstackBANK5  00056E
read_prec_or_width@c                                          cstackBANK5  000572
read_prec_or_width@fmt                                        cstackBANK5  00056C
read_prec_or_width@n                                          cstackBANK5  000573
reload_PWM1_dutyCycle@slice1                                  cstackBANK5  00059F
reload_PWM1_dutyCycle@slice2                                  cstackBANK5  0005A3
sprintf@ap                                                    cstackCOMRAM 00054C
sprintf@f                                                     cstackCOMRAM 00054E
sprintf@fmt                                                   cstackCOMRAM 000544
sprintf@s                                                     cstackCOMRAM 000542
stackhi                                                       (abs)        000000
stacklo                                                       (abs)        000000
start                                                         init         00001A
start_initialization                                          cinit        01485C
stoa@cp                                                       cstackBANK5  000581
stoa@fp                                                       cstackBANK5  000577
stoa@l                                                        cstackBANK5  000583
stoa@p                                                        cstackBANK5  00057D
stoa@s                                                        cstackBANK5  000579
stoa@w                                                        cstackBANK5  00057F
utoa@d                                                        cstackBANK5  000589
utoa@fp                                                       cstackBANK5  000587
utoa@i                                                        cstackBANK5  00058F
utoa@p                                                        cstackBANK5  00058B
utoa@w                                                        cstackBANK5  00058D
vfpfcnvrt@ap                                                  cstackBANK5  000599
vfpfcnvrt@c                                                   cstackBANK5  00059D
vfpfcnvrt@convarg                                             cstackBANK5  00059E
vfpfcnvrt@cp                                                  cstackBANK5  0005A3
vfpfcnvrt@done                                                cstackBANK5  0005A2
vfpfcnvrt@fmt                                                 cstackBANK5  000597
vfpfcnvrt@fp                                                  cstackBANK5  000595
vfprintf@ap                                                   cstackBANK5  0005A9
vfprintf@cfmt                                                 cstackBANK5  0005AB
vfprintf@fmt                                                  cstackBANK5  0005A7
vfprintf@fp                                                   cstackBANK5  0005A5
xtoa@c                                                        cstackBANK5  000592
xtoa@d                                                        cstackBANK5  000589
xtoa@fp                                                       cstackBANK5  000587
xtoa@i                                                        cstackBANK5  000593
xtoa@p                                                        cstackBANK5  00058E
xtoa@w                                                        cstackBANK5  000590


MODULE INFORMATION

Module		Function		Class		Link	Load	Size
ir_servo.c
		_ir_servo_reject_step2_3		CODE           	14428	0000	110
		_reload_PWM1_dutyCycle		CODE           	13C28	0000	182
		_ir_servo_initialize		CODE           	14BC2	0000	54
		_ir_servo_reject_step1		CODE           	14AA4	0000	62
		_ir_servo_is_busy		CODE           	14EC0	0000	24
		_ir_servo_weight_read		CODE           	11CE8	0000	642
		_ir_servo_complete		CODE           	14F18	0000	20
		_ir_servo_start		CODE           	14940	0000	76
		_TMR0_IRQHandler		CODE           	142CE	0000	116
		_TMR0_ConfigureAndStart		CODE           	14D66	0000	40

ir_servo.c estimated size: 1326

mcc_generated_files/system/src/watchdog.c
		_WWDT_Initialize		CODE           	14FC4	0000	12

mcc_generated_files/system/src/watchdog.c estimated size: 12

C:\Program Files\Microchip\xc8\v2.50\pic\sources\c99\common\nf_fputs.c
		_fputs         		CODE           	1498C	0000	72

C:\Program Files\Microchip\xc8\v2.50\pic\sources\c99\common\nf_fputs.c estimated size: 72

C:\Program Files\Microchip\xc8\v2.50\pic\sources\c99\common\sprcmul.c
		___flmul       		CODE           	1149A	0000	1064

C:\Program Files\Microchip\xc8\v2.50\pic\sources\c99\common\sprcmul.c estimated size: 1064

C:\Program Files\Microchip\xc8\v2.50\pic\sources\c99\common\printf.c
		_printf        		CODE           	14D16	0000	40

C:\Program Files\Microchip\xc8\v2.50\pic\sources\c99\common\printf.c estimated size: 40

mcc_generated_files/timer/src/tmr1.c
		_TMR1_Initialize		CODE           	148A8	0000	76

mcc_generated_files/timer/src/tmr1.c estimated size: 76

C:\Program Files\Microchip\xc8\v2.50\pic\sources\c99\common\lwmod.c
		___lwmod       		CODE           	14496	0000	102

C:\Program Files\Microchip\xc8\v2.50\pic\sources\c99\common\lwmod.c estimated size: 102

mcc_generated_files/system/src/interrupt.c
		_INT0_SetInterruptHandler		CODE           	14F9E	0000	14
		_INT1_SetInterruptHandler		CODE           	14F90	0000	14
		_INT2_SetInterruptHandler		CODE           	14F82	0000	14
		_INTERRUPT_Initialize		CODE           	149D4	0000	72
		_INT1_DefaultInterruptHandler		CODE           	1501A	0000	2
		_INTERRUPT_InterruptManager		CODE           	139EA	0000	194
		_INT1_CallBack 		CODE           	14C60	0000	50
		_INT1_ISR      		CODE           	14FEC	0000	8

mcc_generated_files/system/src/interrupt.c estimated size: 368

C:\Program Files\Microchip\xc8\v2.50\pic\sources\c99\common\awmod.c
		___awmod       		CODE           	13D90	0000	176

C:\Program Files\Microchip\xc8\v2.50\pic\sources\c99\common\awmod.c estimated size: 176

mcc_generated_files/pwm/src/pwm1_16bit.c
		_PWM1_16BIT_Period_SetInterruptHandler		CODE           	14F74	0000	14
		_PWM1_16BIT_Slice1Output1_SetInterruptHandler		CODE           	14F66	0000	14
		_PWM1_16BIT_Slice1Output2_SetInterruptHandler		CODE           	14F58	0000	14
		_PWM1_16BIT_Initialize		CODE           	143B6	0000	114
		_PWM1_16BIT_LoadBufferRegisters		CODE           	15008	0000	4
		_PWM1_16BIT_SetSlice1Output1DutyCycleRegister		CODE           	14FB8	0000	12
		_PWM1_16BIT_SetSlice1Output2DutyCycleRegister		CODE           	14FAC	0000	12

mcc_generated_files/pwm/src/pwm1_16bit.c estimated size: 184

C:\Program Files\Microchip\xc8\v2.50\pic\sources\c99\common\abs.c
		_abs           		CODE           	14B8C	0000	54

C:\Program Files\Microchip\xc8\v2.50\pic\sources\c99\common\abs.c estimated size: 54

mcc_generated_files/adc/src/adc.c
		_ADC_SampleCapacitorDischarge		CODE           	14FE4	0000	8
		_ADC_Initialize		CODE           	144FC	0000	102
		_ADC_ChannelSelectAndConvert		CODE           	14C92	0000	46
		_ADC_ISR       		CODE           	15014	0000	4
		_ADC_ThresholdISR		CODE           	15010	0000	4

mcc_generated_files/adc/src/adc.c estimated size: 164

mcc_generated_files/uart/src/uart1.c
		_UART1_IsTxReady		CODE           	14B1C	0000	56
		_UART1_Write   		CODE           	14EF0	0000	20
		_putch         		CODE           	14E46	0000	34
		_UART1_FramingErrorCallbackRegister		CODE           	14E22	0000	36
		_UART1_OverrunErrorCallbackRegister		CODE           	14DFE	0000	36
		_UART1_Initialize		CODE           	141E0	0000	120
		_UART1_ParityErrorCallbackRegister		CODE           	14DDA	0000	36

mcc_generated_files/uart/src/uart1.c estimated size: 338

C:\Program Files\Microchip\xc8\v2.50\pic\sources\c99\common\xxtofl.c
		___xxtofl      		CODE           	11F6A	0000	440

C:\Program Files\Microchip\xc8\v2.50\pic\sources\c99\common\xxtofl.c estimated size: 440

nrf24_lib.c
		_nrf24_set_channel_frq		CODE           	14F2C	0000	16
		_nrf24_set_rf_mode		CODE           	14622	0000	86
		_nrf24_send_rf_data		CODE           	14034	0000	148
		_nrf24_printf_rf_config		CODE           	10000	0000	2926
		_nrf24_rf_init 		CODE           	131BC	0000	240
		_nrf24_flush_tx_rx		CODE           	145C6	0000	92
		_nrf24_printf_rf_status		CODE           	12C1A	0000	318
		_nrf24_write_register		CODE           	140C8	0000	144
		_nrf24_read_register		CODE           	14E68	0000	32
		_nrf24_write_buff		CODE           	14772	0000	78
		_nrf24_read_buff		CODE           	147C0	0000	78

nrf24_lib.c estimated size: 4158

mcc_generated_files/system/src/pins.c
		_PIN_MANAGER_Initialize		CODE           	13B6E	0000	186

mcc_generated_files/system/src/pins.c estimated size: 186

C:\Program Files\Microchip\xc8\v2.50\pic\sources\c99\common\nf_sprintf.c
		_sprintf       		CODE           	148F4	0000	76

C:\Program Files\Microchip\xc8\v2.50\pic\sources\c99\common\nf_sprintf.c estimated size: 76

C:\Program Files\Microchip\xc8\v2.50\pic\sources\c99\common\memset.c
		_memset        		CODE           	14B54	0000	56

C:\Program Files\Microchip\xc8\v2.50\pic\sources\c99\common\memset.c estimated size: 56

C:\Program Files\Microchip\xc8\v2.50\pic\sources\c99\common\nf_fputc.c
		_fputc         		CODE           	135F8	0000	204

C:\Program Files\Microchip\xc8\v2.50\pic\sources\c99\common\nf_fputc.c estimated size: 204

shared
		i2_UART1_IsTxReady		CODE           	14D3E	0000	40
		i2_printf      		CODE           	14DB4	0000	38
		i2_vfpfcnvrt   		CODE           	11008	0000	1170
		i2_pad         		CODE           	13F92	0000	162
		i2_abs         		CODE           	14C2C	0000	52
		i2_stoa        		CODE           	127F0	0000	418
		i2_read_prec_or_width		CODE           	136C4	0000	204
		i2_putch       		CODE           	14E88	0000	30
		i2_utoa        		CODE           	12E84	0000	298
		i2_nrf24_write_buff		CODE           	14A1C	0000	68
		i2___lwdiv     		CODE           	14342	0000	116
		i2_vfprintf    		CODE           	14720	0000	82
		i2_xtoa        		CODE           	12AD6	0000	324
		i2_PWM1_16BIT_LoadBufferRegisters		CODE           	1500C	0000	4
		i2___awdiv     		CODE           	13AAC	0000	194
		i2_ctoa        		CODE           	13790	0000	204
		i2_dtoa        		CODE           	122DA	0000	438
		i2___lwmod     		CODE           	14562	0000	100
		i2___fltol     		CODE           	130B6	0000	262
		__initialization		CODE           	1485C	0000	70
		_SPI1_Host     		MEDIUMCONST    	FB45	0000	42
		_UART1         		MEDIUMCONST    	FAFD	0000	72
		i2_nrf24_set_rf_mode		CODE           	146CE	0000	82
		i2___awmod     		CODE           	13E40	0000	174
		i2_nrf24_flush_tx_rx		CODE           	1480E	0000	78
		i2_PWM1_16BIT_SetSlice1Output1DutyCycleRegister		CODE           	14FDA	0000	10
		i2_PWM1_16BIT_SetSlice1Output2DutyCycleRegister		CODE           	14FD0	0000	10
		i2___flmul     		CODE           	118C2	0000	1062
		i2_reload_PWM1_dutyCycle		CODE           	13CDE	0000	178
		i2___xxtofl    		CODE           	12490	0000	436
		i2_SPI1_ByteExchange		CODE           	14CC0	0000	44
		i2_nrf24_read_register		CODE           	14EA6	0000	26
		i2_nrf24_write_register		CODE           	14158	0000	136
		i2_UART1_Write 		CODE           	14FF4	0000	8
		i2_fputc       		CODE           	1385C	0000	202
		i2_fputs       		CODE           	14A60	0000	68
		_spi1_configuration		MEDIUMCONST    	FB6F	0000	15

shared estimated size: 6917

C:\Program Files\Microchip\xc8\v2.50\pic\sources\c99\common\lwdiv.c
		___lwdiv       		CODE           	14258	0000	118

C:\Program Files\Microchip\xc8\v2.50\pic\sources\c99\common\lwdiv.c estimated size: 118

C:\Program Files\Microchip\xc8\v2.50\pic\sources\c99\common\awdiv.c
		___awdiv       		CODE           	13926	0000	196

C:\Program Files\Microchip\xc8\v2.50\pic\sources\c99\common\awdiv.c estimated size: 196

C:\Program Files\Microchip\xc8\v2.50\pic\sources\c99\common\fltol.c
		___fltol       		CODE           	12FAE	0000	264

C:\Program Files\Microchip\xc8\v2.50\pic\sources\c99\common\fltol.c estimated size: 264

C:\Program Files\Microchip\xc8\v2.50\pic\sources\c99\common\doprnt.c
		_read_prec_or_width		CODE           	1345C	0000	206
		_vfpfcnvrt     		CODE           	10B6E	0000	1178
		_pad           		CODE           	13EEE	0000	164
		_ctoa          		CODE           	1352A	0000	206
		_dtoa          		CODE           	12122	0000	440
		_vfprintf      		CODE           	14678	0000	86
		_stoa          		CODE           	12644	0000	428
		_utoa          		CODE           	12D58	0000	300
		_xtoa          		CODE           	12992	0000	324

C:\Program Files\Microchip\xc8\v2.50\pic\sources\c99\common\doprnt.c estimated size: 3332

mcc_generated_files/system/src/clock.c
		_CLOCK_Initialize		CODE           	14F04	0000	20

mcc_generated_files/system/src/clock.c estimated size: 20

mcc_generated_files/timer/src/tmr0.c
		_TMR0_DefaultCallback		CODE           	15018	0000	2
		_TMR0_ISR      		CODE           	14BF8	0000	52
		_TMR0_Initialize		CODE           	14D8E	0000	38
		_TMR0_Stop     		CODE           	14FFC	0000	6
		_TMR0_PeriodMatchCallbackRegister		CODE           	14F4A	0000	14
		_TMR0_Start    		CODE           	15002	0000	6

mcc_generated_files/timer/src/tmr0.c estimated size: 118

main.c
		_main          		CODE           	132AC	0000	220

main.c estimated size: 220

mcc_generated_files/system/src/system.c
		_SYSTEM_Initialize		CODE           	14CEC	0000	42

mcc_generated_files/system/src/system.c estimated size: 42

mcc_generated_files/spi/src/spi1.c
		_SPI1_ByteExchange		CODE           	14AE2	0000	58
		_SPI1_Open     		CODE           	13388	0000	212
		_SPI1_Initialize		CODE           	14ED8	0000	24

mcc_generated_files/spi/src/spi1.c estimated size: 294

